// Jest Snapshot v1, https://goo.gl/fbAQLP

exports[`Router page rendering test Should match App snapshot 1`] = `
<DocumentFragment>
  <div>
    <header
      class="MuiPaper-root MuiPaper-elevation MuiPaper-elevation4 MuiAppBar-root MuiAppBar-colorInfo MuiAppBar-positionStatic css-1wwtsp3-MuiPaper-root-MuiAppBar-root"
      data-testid="responsive-app-bar"
    >
      <div
        class="MuiContainer-root MuiContainer-maxWidthXl css-19r6kue-MuiContainer-root"
      >
        <div
          class="MuiToolbar-root MuiToolbar-regular css-r6ewbb-MuiToolbar-root"
        >
          <a
            data-testid="home-link"
            href="/"
          >
            <span>
              <div
                class="MuiAvatar-root MuiAvatar-circular css-gh7mkj-MuiAvatar-root"
              >
                <img
                  alt="Lets fly logo"
                  class="MuiAvatar-img css-1pqm26d-MuiAvatar-img"
                  src="/images/plane.png"
                />
              </div>
            </span>
          </a>
          <div
            class="MuiBox-root css-15ytkbm"
          >
            <a
              data-testid="flights-link"
              href="/flights"
              style="text-decoration: none;"
            >
              <button
                class="MuiButtonBase-root MuiButton-root MuiButton-text MuiButton-textPrimary MuiButton-sizeMedium MuiButton-textSizeMedium MuiButton-colorPrimary MuiButton-root MuiButton-text MuiButton-textPrimary MuiButton-sizeMedium MuiButton-textSizeMedium MuiButton-colorPrimary css-1q39md6-MuiButtonBase-root-MuiButton-root"
                tabindex="0"
                type="button"
              >
                Flights
                <span
                  class="MuiTouchRipple-root css-8je8zh-MuiTouchRipple-root"
                />
              </button>
            </a>
            <a
              data-testid="hotels-link"
              href="/hotels"
              style="text-decoration: none;"
            >
              <button
                class="MuiButtonBase-root MuiButton-root MuiButton-text MuiButton-textPrimary MuiButton-sizeMedium MuiButton-textSizeMedium MuiButton-colorPrimary MuiButton-root MuiButton-text MuiButton-textPrimary MuiButton-sizeMedium MuiButton-textSizeMedium MuiButton-colorPrimary css-1q39md6-MuiButtonBase-root-MuiButton-root"
                tabindex="0"
                type="button"
              >
                Hotels
                <span
                  class="MuiTouchRipple-root css-8je8zh-MuiTouchRipple-root"
                />
              </button>
            </a>
          </div>
          <div
            class="MuiBox-root css-iqpydz"
          >
            <button
              aria-controls="menu-appbar"
              aria-haspopup="true"
              aria-label="account of current user"
              class="MuiButtonBase-root MuiIconButton-root MuiIconButton-colorInherit MuiIconButton-sizeLarge css-1pz7awu-MuiButtonBase-root-MuiIconButton-root"
              tabindex="0"
              type="button"
            >
              <svg
                aria-hidden="true"
                class="MuiSvgIcon-root MuiSvgIcon-fontSizeMedium css-i4bv87-MuiSvgIcon-root"
                data-testid="MenuIcon"
                focusable="false"
                viewBox="0 0 24 24"
              >
                <path
                  d="M3 18h18v-2H3zm0-5h18v-2H3zm0-7v2h18V6z"
                />
              </svg>
              <span
                class="MuiTouchRipple-root css-8je8zh-MuiTouchRipple-root"
              />
            </button>
          </div>
        </div>
      </div>
    </header>
    <main
      data-testid="home-page"
    >
      <div
        class="MuiBox-root css-1duo1bq"
      >
        <h1
          class="MuiTypography-root MuiTypography-h1 css-1chbnjg-MuiTypography-root"
        >
          <span
            class="MuiTypography-root MuiTypography-body1 css-jlad6d-MuiTypography-root"
          >
            LetsFly!
          </span>
           Airlines
        </h1>
        <h2
          class="MuiTypography-root MuiTypography-h2 css-c0cjz3-MuiTypography-root"
        >
          PRESS THE BUTTON TO FLY!
        </h2>
        <a
          data-testid="flights-link"
          href="/flights"
          style="text-decoration: none;"
        >
          <button
            class="MuiButtonBase-root MuiButton-root MuiButton-contained MuiButton-containedPrimary MuiButton-sizeMedium MuiButton-containedSizeMedium MuiButton-colorPrimary MuiButton-root MuiButton-contained MuiButton-containedPrimary MuiButton-sizeMedium MuiButton-containedSizeMedium MuiButton-colorPrimary css-fbc4mu-MuiButtonBase-root-MuiButton-root"
            tabindex="0"
            type="button"
          >
            FLY!
            <span
              class="MuiTouchRipple-root css-8je8zh-MuiTouchRipple-root"
            />
          </button>
        </a>
      </div>
    </main>
  </div>
  <div>
    <header
      class="MuiPaper-root MuiPaper-elevation MuiPaper-elevation4 MuiAppBar-root MuiAppBar-colorInfo MuiAppBar-positionStatic css-1wwtsp3-MuiPaper-root-MuiAppBar-root"
      data-testid="responsive-app-bar"
    >
      <div
        class="MuiContainer-root MuiContainer-maxWidthXl css-19r6kue-MuiContainer-root"
      >
        <div
          class="MuiToolbar-root MuiToolbar-regular css-r6ewbb-MuiToolbar-root"
        >
          <a
            data-testid="home-link"
            href="/"
          >
            <span>
              <div
                class="MuiAvatar-root MuiAvatar-circular css-gh7mkj-MuiAvatar-root"
              >
                <img
                  alt="Lets fly logo"
                  class="MuiAvatar-img css-1pqm26d-MuiAvatar-img"
                  src="/images/plane.png"
                />
              </div>
            </span>
          </a>
          <div
            class="MuiBox-root css-15ytkbm"
          >
            <a
              data-testid="flights-link"
              href="/flights"
              style="text-decoration: none;"
            >
              <button
                class="MuiButtonBase-root MuiButton-root MuiButton-text MuiButton-textPrimary MuiButton-sizeMedium MuiButton-textSizeMedium MuiButton-colorPrimary MuiButton-root MuiButton-text MuiButton-textPrimary MuiButton-sizeMedium MuiButton-textSizeMedium MuiButton-colorPrimary css-1q39md6-MuiButtonBase-root-MuiButton-root"
                tabindex="0"
                type="button"
              >
                Flights
                <span
                  class="MuiTouchRipple-root css-8je8zh-MuiTouchRipple-root"
                />
              </button>
            </a>
            <a
              data-testid="hotels-link"
              href="/hotels"
              style="text-decoration: none;"
            >
              <button
                class="MuiButtonBase-root MuiButton-root MuiButton-text MuiButton-textPrimary MuiButton-sizeMedium MuiButton-textSizeMedium MuiButton-colorPrimary MuiButton-root MuiButton-text MuiButton-textPrimary MuiButton-sizeMedium MuiButton-textSizeMedium MuiButton-colorPrimary css-1q39md6-MuiButtonBase-root-MuiButton-root"
                tabindex="0"
                type="button"
              >
                Hotels
                <span
                  class="MuiTouchRipple-root css-8je8zh-MuiTouchRipple-root"
                />
              </button>
            </a>
          </div>
          <div
            class="MuiBox-root css-iqpydz"
          >
            <button
              aria-controls="menu-appbar"
              aria-haspopup="true"
              aria-label="account of current user"
              class="MuiButtonBase-root MuiIconButton-root MuiIconButton-colorInherit MuiIconButton-sizeLarge css-1pz7awu-MuiButtonBase-root-MuiIconButton-root"
              tabindex="0"
              type="button"
            >
              <svg
                aria-hidden="true"
                class="MuiSvgIcon-root MuiSvgIcon-fontSizeMedium css-i4bv87-MuiSvgIcon-root"
                data-testid="MenuIcon"
                focusable="false"
                viewBox="0 0 24 24"
              >
                <path
                  d="M3 18h18v-2H3zm0-5h18v-2H3zm0-7v2h18V6z"
                />
              </svg>
              <span
                class="MuiTouchRipple-root css-8je8zh-MuiTouchRipple-root"
              />
            </button>
          </div>
        </div>
      </div>
    </header>
    <main
      data-testid="home-page"
    >
      <div
        class="MuiBox-root css-1duo1bq"
      >
        <h1
          class="MuiTypography-root MuiTypography-h1 css-1chbnjg-MuiTypography-root"
        >
          <span
            class="MuiTypography-root MuiTypography-body1 css-jlad6d-MuiTypography-root"
          >
            LetsFly!
          </span>
           Airlines
        </h1>
        <h2
          class="MuiTypography-root MuiTypography-h2 css-c0cjz3-MuiTypography-root"
        >
          PRESS THE BUTTON TO FLY!
        </h2>
        <a
          data-testid="flights-link"
          href="/flights"
          style="text-decoration: none;"
        >
          <button
            class="MuiButtonBase-root MuiButton-root MuiButton-contained MuiButton-containedPrimary MuiButton-sizeMedium MuiButton-containedSizeMedium MuiButton-colorPrimary MuiButton-root MuiButton-contained MuiButton-containedPrimary MuiButton-sizeMedium MuiButton-containedSizeMedium MuiButton-colorPrimary css-fbc4mu-MuiButtonBase-root-MuiButton-root"
            tabindex="0"
            type="button"
          >
            FLY!
            <span
              class="MuiTouchRipple-root css-8je8zh-MuiTouchRipple-root"
            />
          </button>
        </a>
      </div>
    </main>
  </div>
</DocumentFragment>
`;
