// Jest Snapshot v1, https://goo.gl/fbAQLP

exports[`FlightCard Component FlightCard snapshot 1`] = `
<DocumentFragment>
  <div
    class="css-xv2kuy"
    data-testid="flight-card"
  >
    <div
      class="css-uf1ume"
    >
      <p
        class="MuiTypography-root MuiTypography-body1 css-1entie5-MuiTypography-root"
      >
        10 000 Р
      </p>
      <p
        class="MuiTypography-root MuiTypography-body1 css-g1npfy-MuiTypography-root"
      >
        <span>
          <span
            class="MuiAvatar-root MuiAvatar-circular css-106wf08-MuiAvatar-root"
          >
            <img
              alt="S7 Airlines company logo"
              class="MuiAvatar-img css-1pqm26d-MuiAvatar-img"
              src="/images/s7.jpg"
            />
          </span>
        </span>
        Airlines
      </p>
    </div>
    <div
      class="css-uf1ume"
    >
      <div
        class="css-1jibmi3"
      >
        <p
          class="css-9vg4wd"
        >
          City A - City B
        </p>
        <p
          class="css-6haxrs"
        >
          10:00 - 12:00
        </p>
      </div>
      <div
        class="css-1jibmi3"
      >
        <p
          class="css-9vg4wd"
        >
          в пути
        </p>
        <p
          class="css-6haxrs"
        >
          2Ч 0М
        </p>
      </div>
      <div
        class="css-1jibmi3"
      >
        <p
          class="css-9vg4wd"
        >
          1 пересадка
        </p>
        <p
          class="css-6haxrs"
        >
          SVA
        </p>
      </div>
    </div>
    <div
      class="css-uf1ume"
    >
      <div
        class="css-1jibmi3"
      >
        <p
          class="css-9vg4wd"
        >
          City B - City A
        </p>
        <p
          class="css-6haxrs"
        >
          12:00 - 14:30
        </p>
      </div>
      <div
        class="css-1jibmi3"
      >
        <p
          class="css-9vg4wd"
        >
          в пути
        </p>
        <p
          class="css-6haxrs"
        >
          2Ч 30М
        </p>
      </div>
      <div
        class="css-1jibmi3"
      >
        <p
          class="css-9vg4wd"
        >
          1 пересадка
        </p>
        <p
          class="css-6haxrs"
        >
          SVA
        </p>
      </div>
    </div>
  </div>
</DocumentFragment>
`;
